
> resume@0.1.0 build
> next build

Γû▓ Next.js 16.2.2 (Turbopack)

  Creating an optimized production build ...
node.exe : 
At line:1 char:1
+ & "C:\Program 
Files\nodejs/node.exe" 
"C:\Program 
Files\nodejs/node_mo ...
+ ~~~~~~~~~~~~~~~~~~~~~~~~
~~~~~~~~~~~~~~~~~~~~~~~~~~
~~~~~~~~~~~~~~~~~~~
    + CategoryInfo        
      : NotSpecified: (:  
  String) [], RemoteExc   
 eption
    + FullyQualifiedError 
   Id : NativeCommandErr  
  or
 
> Build error occurred
Error: Turbopack build 
failed with 4 errors:
./src/app/contact/page.tsx
:1:1
Export Github doesn't 
exist in target module
[31m[1m>[0m [90m1 
|[0m [36mimport[0m { 
[33mMail[0m, 
[33mGithub[0m, 
[33mLinkedin[0m, 
[33mMessageSquare[0m } 
[36mfrom[0m 
[32m"lucide-react"[0m;
  [90m  |[0m [31m[1m^^
^^^^^^^^^^^^^^^^^^^^^^^^^^
^^^^^^^^^^^^^^^^^^^^^^^^^^
^^^^^^^^^^^^^^^[0m
  [90m2 |[0m
  [90m3 |[0m 
[36mexport[0m 
[36mdefault[0m 
[36mfunction[0m 
[33mContactPage[0m() {
  [90m4 |[0m   
[36mreturn[0m (

The export Github was not 
found in module [project]/
node_modules/lucide-react/
dist/esm/lucide-react.js 
[app-rsc] (ecmascript).
Did you mean to import 
Gift?
All exports of the module 
are statically known (It 
doesn't have dynamic 
exports). So it's known 
statically that the 
requested export doesn't 
exist.


./src/components/ProjectCa
rd.tsx:4:1
Export Github doesn't 
exist in target module
  [90m2 |[0m
  [90m3 |[0m 
[36mimport[0m { motion 
} [36mfrom[0m 
[32m"framer-motion"[0m;
[31m[1m>[0m [90m4 
|[0m [36mimport[0m { 
[33mExternalLink[0m, 
[33mGithub[0m, 
[33mFolder[0m } 
[36mfrom[0m 
[32m"lucide-react"[0m;
  [90m  |[0m [31m[1m^^
^^^^^^^^^^^^^^^^^^^^^^^^^^
^^^^^^^^^^^^^^^^^^^^^^^^^^
^^^^^^[0m
  [90m5 |[0m 
[36mimport[0m { cn } 
[36mfrom[0m 
[32m"@/lib/utils"[0m;
  [90m6 |[0m
  [90m7 |[0m 
[36mexport[0m 
[36minterface[0m 
[33mProjectData[0m {

The export Github was not 
found in module [project]/
node_modules/lucide-react/
dist/esm/lucide-react.js 
[app-client] (ecmascript).
Did you mean to import 
Gift?
All exports of the module 
are statically known (It 
doesn't have dynamic 
exports). So it's known 
statically that the 
requested export doesn't 
exist.

Import traces:
  Client Component 
Browser:
    ./src/components/Proje
ctCard.tsx [Client 
Component Browser]
    ./src/app/projects/pag
e.tsx [Client Component 
Browser]
    ./src/app/projects/pag
e.tsx [Server Component]

  Client Component SSR:
    ./src/components/Proje
ctCard.tsx [Client 
Component SSR]
    ./src/app/projects/pag
e.tsx [Client Component 
SSR]
    ./src/app/projects/pag
e.tsx [Server Component]


./src/components/ProjectCa
rd.tsx:4:1
Export Github doesn't 
exist in target module
  [90m2 |[0m
  [90m3 |[0m 
[36mimport[0m { motion 
} [36mfrom[0m 
[32m"framer-motion"[0m;
[31m[1m>[0m [90m4 
|[0m [36mimport[0m { 
[33mExternalLink[0m, 
[33mGithub[0m, 
[33mFolder[0m } 
[36mfrom[0m 
[32m"lucide-react"[0m;
  [90m  |[0m [31m[1m^^
^^^^^^^^^^^^^^^^^^^^^^^^^^
^^^^^^^^^^^^^^^^^^^^^^^^^^
^^^^^^[0m
  [90m5 |[0m 
[36mimport[0m { cn } 
[36mfrom[0m 
[32m"@/lib/utils"[0m;
  [90m6 |[0m
  [90m7 |[0m 
[36mexport[0m 
[36minterface[0m 
[33mProjectData[0m {

The export Github was not 
found in module [project]/
node_modules/lucide-react/
dist/esm/lucide-react.js 
[app-ssr] (ecmascript).
Did you mean to import 
Gift?
All exports of the module 
are statically known (It 
doesn't have dynamic 
exports). So it's known 
statically that the 
requested export doesn't 
exist.

Import traces:
  Client Component 
Browser:
    ./src/components/Proje
ctCard.tsx [Client 
Component Browser]
    ./src/app/projects/pag
e.tsx [Client Component 
Browser]
    ./src/app/projects/pag
e.tsx [Server Component]

  Client Component SSR:
    ./src/components/Proje
ctCard.tsx [Client 
Component SSR]
    ./src/app/projects/pag
e.tsx [Client Component 
SSR]
    ./src/app/projects/pag
e.tsx [Server Component]


./src/app/contact/page.tsx
:1:1
Export Linkedin doesn't 
exist in target module
[31m[1m>[0m [90m1 
|[0m [36mimport[0m { 
[33mMail[0m, 
[33mGithub[0m, 
[33mLinkedin[0m, 
[33mMessageSquare[0m } 
[36mfrom[0m 
[32m"lucide-react"[0m;
  [90m  |[0m [31m[1m^^
^^^^^^^^^^^^^^^^^^^^^^^^^^
^^^^^^^^^^^^^^^^^^^^^^^^^^
^^^^^^^^^^^^^^^[0m
  [90m2 |[0m
  [90m3 |[0m 
[36mexport[0m 
[36mdefault[0m 
[36mfunction[0m 
[33mContactPage[0m() {
  [90m4 |[0m   
[36mreturn[0m (

The export Linkedin was 
not found in module [proje
ct]/node_modules/lucide-re
act/dist/esm/lucide-react.
js [app-rsc] (ecmascript).
Did you mean to import 
Link?
All exports of the module 
are statically known (It 
doesn't have dynamic 
exports). So it's known 
statically that the 
requested export doesn't 
exist.


    at <unknown> (./src/ap
p/contact/page.tsx:1:1)
    at <unknown> (./src/co
mponents/ProjectCard.tsx:4
:1)
    at <unknown> (./src/co
mponents/ProjectCard.tsx:4
:1)
    at <unknown> (./src/ap
p/contact/page.tsx:1:1)
